No model_path provided. Initializing default AlphaZeroNet weights for benchmark use.
Comprehensive MCTS Profiler initialized
Session ID: 20251010_185349
Output directory: /home/cosmosapjw/omoknuni/profiling_results/session_20251010_185332/python_profiling/session_20251010_185349

================================================================================
COMPREHENSIVE MCTS PROFILING
================================================================================

=== Setting up game and MCTS engine ===
Creating GPU inference worker (batch_size=32)...
Creating MCTS engine (threads=8)...

=== Profiling C++ Backend ===
Running 1600 simulations...
C++ profiling complete:
  Total time: 0.824s
  Simulations/sec: 1941.4

  Top C++ operations:

=== Profiling Python Coordination ===
Running search with Python profiling...
Python profiling complete:
  Total time: 0.268s
  GIL efficiency: 0.0%
  Threads with GIL contention: 0

=== Profiling Memory Usage ===
Running searches while tracking memory...
  Search 1/10: 0.1MB allocated
  Search 2/10: 0.1MB allocated
  Search 3/10: 0.2MB allocated
  Search 4/10: 0.2MB allocated
  Search 5/10: 0.2MB allocated
  Search 6/10: 0.2MB allocated
  Search 7/10: 0.2MB allocated
  Search 8/10: 0.2MB allocated
  Search 9/10: 0.2MB allocated
  Search 10/10: 0.2MB allocated

Memory profiling complete:
  Peak memory: 0.2MB
  Avg memory: 0.2MB

  Top memory allocations:
    /home/cosmosapjw/omoknuni/venv/lib/python3.12/site-packages/torch/cuda/memory.py:321: 0.0MB
    /home/cosmosapjw/omoknuni/venv/lib/python3.12/site-packages/torch/cuda/memory.py:323: 0.0MB
    /home/cosmosapjw/omoknuni/venv/lib/python3.12/site-packages/torch/cuda/memory.py:337: 0.0MB
    /usr/lib/python3.12/tracemalloc.py:558: 0.0MB
    /usr/lib/python3.12/tracemalloc.py:115: 0.0MB

=== Profiling Thread Contention ===
  Testing with 1 threads...
    Throughput: 1254.6 sims/sec
    Parallel efficiency: 100.0%
  Testing with 2 threads...
    Throughput: 439.1 sims/sec
    Parallel efficiency: 35.0%
  Testing with 4 threads...
    Throughput: 439.9 sims/sec
    Parallel efficiency: 35.1%
  Testing with 8 threads...
    Throughput: 431.4 sims/sec
    Parallel efficiency: 34.4%
  Testing with 12 threads...
    Throughput: 424.6 sims/sec
    Parallel efficiency: 33.8%

=== Bottleneck Analysis ===

Identified bottlenecks:
  🔴 Python: GIL contention (100.0%)

=== Generating Report ===
  JSON report: /home/cosmosapjw/omoknuni/profiling_results/session_20251010_185332/python_profiling/session_20251010_185349/profile_report.json
  Text report: /home/cosmosapjw/omoknuni/profiling_results/session_20251010_185332/python_profiling/session_20251010_185349/profile_report.txt
  Python profile: /home/cosmosapjw/omoknuni/profiling_results/session_20251010_185332/python_profiling/session_20251010_185349/python_profile.txt
  Markdown summary: /home/cosmosapjw/omoknuni/profiling_results/session_20251010_185332/python_profiling/session_20251010_185349/summary.md

✅ All reports saved to: /home/cosmosapjw/omoknuni/profiling_results/session_20251010_185332/python_profiling/session_20251010_185349

✅ Profiling complete!
📊 Reports saved to: /home/cosmosapjw/omoknuni/profiling_results/session_20251010_185332/python_profiling/session_20251010_185349
